Archive member included to satisfy reference by file (symbol)

c:/gnutoolsarmembedded/bin/../lib/gcc/arm-none-eabi/5.4.1/../../../../arm-none-eabi/lib/armv7-m\libc_nano.a(lib_a-exit.o)
                              c:/gnutoolsarmembedded/bin/../lib/gcc/arm-none-eabi/5.4.1/../../../../arm-none-eabi/lib/armv7-m/crt0.o (exit)
c:/gnutoolsarmembedded/bin/../lib/gcc/arm-none-eabi/5.4.1/../../../../arm-none-eabi/lib/armv7-m\libc_nano.a(lib_a-impure.o)
                              c:/gnutoolsarmembedded/bin/../lib/gcc/arm-none-eabi/5.4.1/../../../../arm-none-eabi/lib/armv7-m\libc_nano.a(lib_a-exit.o) (_global_impure_ptr)
c:/gnutoolsarmembedded/bin/../lib/gcc/arm-none-eabi/5.4.1/../../../../arm-none-eabi/lib/armv7-m\libc_nano.a(lib_a-init.o)
                              c:/gnutoolsarmembedded/bin/../lib/gcc/arm-none-eabi/5.4.1/../../../../arm-none-eabi/lib/armv7-m/crt0.o (__libc_init_array)
c:/gnutoolsarmembedded/bin/../lib/gcc/arm-none-eabi/5.4.1/../../../../arm-none-eabi/lib/armv7-m\libc_nano.a(lib_a-memset.o)
                              c:/gnutoolsarmembedded/bin/../lib/gcc/arm-none-eabi/5.4.1/../../../../arm-none-eabi/lib/armv7-m/crt0.o (memset)
c:/gnutoolsarmembedded/bin/../lib/gcc/arm-none-eabi/5.4.1/../../../../arm-none-eabi/lib/armv7-m\libnosys.a(_exit.o)
                              c:/gnutoolsarmembedded/bin/../lib/gcc/arm-none-eabi/5.4.1/../../../../arm-none-eabi/lib/armv7-m\libc_nano.a(lib_a-exit.o) (_exit)

Allocating common symbols
Common symbol       size              file

uwTick              0x4               build/Debug/GNUToolsARMEmbedded-Windows/Drivers/STM32L1xx_HAL_Driver/Src/stm32l1xx_hal.o
pFlash              0x18              build/Debug/GNUToolsARMEmbedded-Windows/Drivers/STM32L1xx_HAL_Driver/Src/stm32l1xx_hal_flash.o

Discarded input sections

 .text          0x00000000        0x0 c:/gnutoolsarmembedded/bin/../lib/gcc/arm-none-eabi/5.4.1/armv7-m/crti.o
 .data          0x00000000        0x0 c:/gnutoolsarmembedded/bin/../lib/gcc/arm-none-eabi/5.4.1/armv7-m/crti.o
 .bss           0x00000000        0x0 c:/gnutoolsarmembedded/bin/../lib/gcc/arm-none-eabi/5.4.1/armv7-m/crti.o
 .data          0x00000000        0x4 c:/gnutoolsarmembedded/bin/../lib/gcc/arm-none-eabi/5.4.1/armv7-m/crtbegin.o
 .text          0x00000000       0x74 c:/gnutoolsarmembedded/bin/../lib/gcc/arm-none-eabi/5.4.1/../../../../arm-none-eabi/lib/armv7-m/crt0.o
 .data          0x00000000        0x0 c:/gnutoolsarmembedded/bin/../lib/gcc/arm-none-eabi/5.4.1/../../../../arm-none-eabi/lib/armv7-m/crt0.o
 .bss           0x00000000        0x0 c:/gnutoolsarmembedded/bin/../lib/gcc/arm-none-eabi/5.4.1/../../../../arm-none-eabi/lib/armv7-m/crt0.o
 .ARM.extab     0x00000000        0x0 c:/gnutoolsarmembedded/bin/../lib/gcc/arm-none-eabi/5.4.1/../../../../arm-none-eabi/lib/armv7-m/crt0.o
 .ARM.exidx     0x00000000        0x8 c:/gnutoolsarmembedded/bin/../lib/gcc/arm-none-eabi/5.4.1/../../../../arm-none-eabi/lib/armv7-m/crt0.o
 .ARM.attributes
                0x00000000       0x1b c:/gnutoolsarmembedded/bin/../lib/gcc/arm-none-eabi/5.4.1/../../../../arm-none-eabi/lib/armv7-m/crt0.o
 .group         0x00000000        0x8 build/Debug/GNUToolsARMEmbedded-Windows/Drivers/STM32L1xx_HAL_Driver/Src/stm32l1xx_hal.o
 .group         0x00000000        0x8 build/Debug/GNUToolsARMEmbedded-Windows/Drivers/STM32L1xx_HAL_Driver/Src/stm32l1xx_hal.o
 .group         0x00000000        0x8 build/Debug/GNUToolsARMEmbedded-Windows/Drivers/STM32L1xx_HAL_Driver/Src/stm32l1xx_hal.o
 .group         0x00000000        0x8 build/Debug/GNUToolsARMEmbedded-Windows/Drivers/STM32L1xx_HAL_Driver/Src/stm32l1xx_hal.o
 .group         0x00000000        0x8 build/Debug/GNUToolsARMEmbedded-Windows/Drivers/STM32L1xx_HAL_Driver/Src/stm32l1xx_hal.o
 .group         0x00000000        0x8 build/Debug/GNUToolsARMEmbedded-Windows/Drivers/STM32L1xx_HAL_Driver/Src/stm32l1xx_hal.o
 .group         0x00000000        0x8 build/Debug/GNUToolsARMEmbedded-Windows/Drivers/STM32L1xx_HAL_Driver/Src/stm32l1xx_hal.o
 .group         0x00000000        0x8 build/Debug/GNUToolsARMEmbedded-Windows/Drivers/STM32L1xx_HAL_Driver/Src/stm32l1xx_hal.o
 .group         0x00000000        0x8 build/Debug/GNUToolsARMEmbedded-Windows/Drivers/STM32L1xx_HAL_Driver/Src/stm32l1xx_hal.o
 .group         0x00000000        0x8 build/Debug/GNUToolsARMEmbedded-Windows/Drivers/STM32L1xx_HAL_Driver/Src/stm32l1xx_hal.o
 .group         0x00000000        0x8 build/Debug/GNUToolsARMEmbedded-Windows/Drivers/STM32L1xx_HAL_Driver/Src/stm32l1xx_hal.o
 .group         0x00000000        0x8 build/Debug/GNUToolsARMEmbedded-Windows/Drivers/STM32L1xx_HAL_Driver/Src/stm32l1xx_hal.o
 .group         0x00000000        0x8 build/Debug/GNUToolsARMEmbedded-Windows/Drivers/STM32L1xx_HAL_Driver/Src/stm32l1xx_hal.o
 .group         0x00000000        0x8 build/Debug/GNUToolsARMEmbedded-Windows/Drivers/STM32L1xx_HAL_Driver/Src/stm32l1xx_hal.o
[...]
Memory Configuration

Name             Origin             Length             Attributes
RAM              0x20000000         0x00014000         xrw
FLASH            0x08000000         0x00080000         xr
*default*        0x00000000         0xffffffff

Linker script and memory map

LOAD c:/gnutoolsarmembedded/bin/../lib/gcc/arm-none-eabi/5.4.1/armv7-m/crti.o
LOAD c:/gnutoolsarmembedded/bin/../lib/gcc/arm-none-eabi/5.4.1/armv7-m/crtbegin.o
LOAD c:/gnutoolsarmembedded/bin/../lib/gcc/arm-none-eabi/5.4.1/../../../../arm-none-eabi/lib/armv7-m/crt0.o
LOAD build/Debug/GNUToolsARMEmbedded-Windows/Drivers/STM32L1xx_HAL_Driver/Src/stm32l1xx_hal.o
LOAD build/Debug/GNUToolsARMEmbedded-Windows/Drivers/STM32L1xx_HAL_Driver/Src/stm32l1xx_hal_cortex.o
LOAD build/Debug/GNUToolsARMEmbedded-Windows/Drivers/STM32L1xx_HAL_Driver/Src/stm32l1xx_hal_dma.o
LOAD build/Debug/GNUToolsARMEmbedded-Windows/Drivers/STM32L1xx_HAL_Driver/Src/stm32l1xx_hal_flash.o
LOAD build/Debug/GNUToolsARMEmbedded-Windows/Drivers/STM32L1xx_HAL_Driver/Src/stm32l1xx_hal_flash_ex.o
LOAD build/Debug/GNUToolsARMEmbedded-Windows/Drivers/STM32L1xx_HAL_Driver/Src/stm32l1xx_hal_flash_ramfunc.o
LOAD build/Debug/GNUToolsARMEmbedded-Windows/Drivers/STM32L1xx_HAL_Driver/Src/stm32l1xx_hal_gpio.o
LOAD build/Debug/GNUToolsARMEmbedded-Windows/Drivers/STM32L1xx_HAL_Driver/Src/stm32l1xx_hal_pwr.o
LOAD build/Debug/GNUToolsARMEmbedded-Windows/Drivers/STM32L1xx_HAL_Driver/Src/stm32l1xx_hal_pwr_ex.o
LOAD build/Debug/GNUToolsARMEmbedded-Windows/Drivers/STM32L1xx_HAL_Driver/Src/stm32l1xx_hal_rcc.o
LOAD build/Debug/GNUToolsARMEmbedded-Windows/Drivers/STM32L1xx_HAL_Driver/Src/stm32l1xx_hal_rcc_ex.o
LOAD build/Debug/GNUToolsARMEmbedded-Windows/Drivers/STM32L1xx_HAL_Driver/Src/stm32l1xx_hal_tim.o
LOAD build/Debug/GNUToolsARMEmbedded-Windows/Drivers/STM32L1xx_HAL_Driver/Src/stm32l1xx_hal_tim_ex.o
LOAD build/Debug/GNUToolsARMEmbedded-Windows/Src/main.o
LOAD build/Debug/GNUToolsARMEmbedded-Windows/Src/stm32l1xx_hal_msp.o
LOAD build/Debug/GNUToolsARMEmbedded-Windows/Src/stm32l1xx_it.o
LOAD build/Debug/GNUToolsARMEmbedded-Windows/Src/system_stm32l1xx.o
LOAD build/Debug/GNUToolsARMEmbedded-Windows/startup/startup_stm32l152xe.o
LOAD c:/gnutoolsarmembedded/bin/../lib/gcc/arm-none-eabi/5.4.1/../../../../arm-none-eabi/lib/armv7-m\libm.a
START GROUP
LOAD c:/gnutoolsarmembedded/bin/../lib/gcc/arm-none-eabi/5.4.1/armv7-m\libgcc.a
LOAD c:/gnutoolsarmembedded/bin/../lib/gcc/arm-none-eabi/5.4.1/../../../../arm-none-eabi/lib/armv7-m\libc_nano.a
END GROUP
START GROUP
LOAD c:/gnutoolsarmembedded/bin/../lib/gcc/arm-none-eabi/5.4.1/armv7-m\libgcc.a
LOAD c:/gnutoolsarmembedded/bin/../lib/gcc/arm-none-eabi/5.4.1/../../../../arm-none-eabi/lib/armv7-m\libc_nano.a
LOAD c:/gnutoolsarmembedded/bin/../lib/gcc/arm-none-eabi/5.4.1/../../../../arm-none-eabi/lib/armv7-m\libnosys.a
END GROUP
START GROUP
LOAD c:/gnutoolsarmembedded/bin/../lib/gcc/arm-none-eabi/5.4.1/armv7-m\libgcc.a
LOAD c:/gnutoolsarmembedded/bin/../lib/gcc/arm-none-eabi/5.4.1/../../../../arm-none-eabi/lib/armv7-m\libc_nano.a
LOAD c:/gnutoolsarmembedded/bin/../lib/gcc/arm-none-eabi/5.4.1/../../../../arm-none-eabi/lib/armv7-m\libnosys.a
END GROUP
LOAD c:/gnutoolsarmembedded/bin/../lib/gcc/arm-none-eabi/5.4.1/armv7-m/crtend.o
LOAD c:/gnutoolsarmembedded/bin/../lib/gcc/arm-none-eabi/5.4.1/armv7-m/crtn.o
                0x20014000                _estack = 0x20014000
                0x00000200                _Min_Heap_Size = 0x200
                0x00000400                _Min_Stack_Size = 0x400

.isr_vector     0x08000000      0x13c
                0x08000000                . = ALIGN (0x4)
 *(.isr_vector)
 .isr_vector    0x08000000      0x13c build/Debug/GNUToolsARMEmbedded-Windows/startup/startup_stm32l152xe.o
                0x08000000                g_pfnVectors
                0x0800013c                . = ALIGN (0x4)

.text           0x0800013c      0xf88
                0x0800013c                . = ALIGN (0x4)
 *(.text)
 .text          0x0800013c       0x5c c:/gnutoolsarmembedded/bin/../lib/gcc/arm-none-eabi/5.4.1/armv7-m/crtbegin.o
 *(.text*)
 .text.HAL_InitTick
                0x08000198       0x28 build/Debug/GNUToolsARMEmbedded-Windows/Drivers/STM32L1xx_HAL_Driver/Src/stm32l1xx_hal.o
                0x08000198                HAL_InitTick
 .text.HAL_Init
                0x080001c0       0x16 build/Debug/GNUToolsARMEmbedded-Windows/Drivers/STM32L1xx_HAL_Driver/Src/stm32l1xx_hal.o
                0x080001c0                HAL_Init
 *fill*         0x080001d6        0x2 
 .text.HAL_IncTick
                0x080001d8       0x10 build/Debug/GNUToolsARMEmbedded-Windows/Drivers/STM32L1xx_HAL_Driver/Src/stm32l1xx_hal.o
                0x080001d8                HAL_IncTick
 .text.HAL_GetTick
                0x080001e8        0xc build/Debug/GNUToolsARMEmbedded-Windows/Drivers/STM32L1xx_HAL_Driver/Src/stm32l1xx_hal.o
                0x080001e8                HAL_GetTick
 .text.HAL_Delay
                0x080001f4       0x1a build/Debug/GNUToolsARMEmbedded-Windows/Drivers/STM32L1xx_HAL_Driver/Src/stm32l1xx_hal.o
                0x080001f4                HAL_Delay
 *fill*         0x0800020e        0x2 
 .text.HAL_NVIC_SetPriorityGrouping
                0x08000210       0x24 build/Debug/GNUToolsARMEmbedded-Windows/Drivers/STM32L1xx_HAL_Driver/Src/stm32l1xx_hal_cortex.o
                0x08000210                HAL_NVIC_SetPriorityGrouping
 .text.HAL_NVIC_SetPriority
                0x08000234       0x68 build/Debug/GNUToolsARMEmbedded-Windows/Drivers/STM32L1xx_HAL_Driver/Src/stm32l1xx_hal_cortex.o
                0x08000234                HAL_NVIC_SetPriority
 .text.HAL_SYSTICK_Config
                0x0800029c       0x2c build/Debug/GNUToolsARMEmbedded-Windows/Drivers/STM32L1xx_HAL_Driver/Src/stm32l1xx_hal_cortex.o
                0x0800029c                HAL_SYSTICK_Config
 .text.HAL_SYSTICK_CLKSourceConfig
                0x080002c8       0x18 build/Debug/GNUToolsARMEmbedded-Windows/Drivers/STM32L1xx_HAL_Driver/Src/stm32l1xx_hal_cortex.o
                0x080002c8                HAL_SYSTICK_CLKSourceConfig
 .text.HAL_SYSTICK_Callback
                0x080002e0        0x2 build/Debug/GNUToolsARMEmbedded-Windows/Drivers/STM32L1xx_HAL_Driver/Src/stm32l1xx_hal_cortex.o
                0x080002e0                HAL_SYSTICK_Callback
 .text.HAL_SYSTICK_IRQHandler
                0x080002e2        0x8 build/Debug/GNUToolsARMEmbedded-Windows/Drivers/STM32L1xx_HAL_Driver/Src/stm32l1xx_hal_cortex.o
                0x080002e2                HAL_SYSTICK_IRQHandler
 *fill*         0x080002ea        0x2 
 .text.HAL_GPIO_Init
                0x080002ec      0x1ac build/Debug/GNUToolsARMEmbedded-Windows/Drivers/STM32L1xx_HAL_Driver/Src/stm32l1xx_hal_gpio.o
                0x080002ec                HAL_GPIO_Init
 .text.HAL_GPIO_WritePin
                0x08000498        0x8 build/Debug/GNUToolsARMEmbedded-Windows/Drivers/STM32L1xx_HAL_Driver/Src/stm32l1xx_hal_gpio.o
                0x08000498                HAL_GPIO_WritePin
 .text.HAL_GPIO_TogglePin
                0x080004a0        0x8 build/Debug/GNUToolsARMEmbedded-Windows/Drivers/STM32L1xx_HAL_Driver/Src/stm32l1xx_hal_gpio.o
                0x080004a0                HAL_GPIO_TogglePin
 .text.HAL_PWREx_GetVoltageRange
                0x080004a8       0x10 build/Debug/GNUToolsARMEmbedded-Windows/Drivers/STM32L1xx_HAL_Driver/Src/stm32l1xx_hal_pwr_ex.o
                0x080004a8                HAL_PWREx_GetVoltageRange
 .text.RCC_SetFlashLatencyFromMSIRange
                0x080004b8       0x74 build/Debug/GNUToolsARMEmbedded-Windows/Drivers/STM32L1xx_HAL_Driver/Src/stm32l1xx_hal_rcc.o
 .text.HAL_RCC_OscConfig
                0x0800052c      0x67c build/Debug/GNUToolsARMEmbedded-Windows/Drivers/STM32L1xx_HAL_Driver/Src/stm32l1xx_hal_rcc.o
                0x0800052c                HAL_RCC_OscConfig
 .text.HAL_RCC_GetSysClockFreq
                0x08000ba8       0x8c build/Debug/GNUToolsARMEmbedded-Windows/Drivers/STM32L1xx_HAL_Driver/Src/stm32l1xx_hal_rcc.o
                0x08000ba8                HAL_RCC_GetSysClockFreq
 .text.HAL_RCC_ClockConfig
                0x08000c34      0x190 build/Debug/GNUToolsARMEmbedded-Windows/Drivers/STM32L1xx_HAL_Driver/Src/stm32l1xx_hal_rcc.o
                0x08000c34                HAL_RCC_ClockConfig
 .text.HAL_RCC_GetHCLKFreq
                0x08000dc4        0xc build/Debug/GNUToolsARMEmbedded-Windows/Drivers/STM32L1xx_HAL_Driver/Src/stm32l1xx_hal_rcc.o
                0x08000dc4                HAL_RCC_GetHCLKFreq
 .text.SystemClock_Config
                0x08000dd0       0x80 build/Debug/GNUToolsARMEmbedded-Windows/Src/main.o
                0x08000dd0                SystemClock_Config
 .text.startup.main
                0x08000e50       0xc8 build/Debug/GNUToolsARMEmbedded-Windows/Src/main.o
                0x08000e50                main
 .text.HAL_MspInit
                0x08000f18       0xa0 build/Debug/GNUToolsARMEmbedded-Windows/Src/stm32l1xx_hal_msp.o
                0x08000f18                HAL_MspInit
 .text.SVC_Handler
                0x08000fb8        0x2 build/Debug/GNUToolsARMEmbedded-Windows/Src/stm32l1xx_it.o
                0x08000fb8                SVC_Handler
 .text.PendSV_Handler
                0x08000fba        0x2 build/Debug/GNUToolsARMEmbedded-Windows/Src/stm32l1xx_it.o
                0x08000fba                PendSV_Handler
 .text.SysTick_Handler
                0x08000fbc        0xe build/Debug/GNUToolsARMEmbedded-Windows/Src/stm32l1xx_it.o
                0x08000fbc                SysTick_Handler
 *fill*         0x08000fca        0x2 
 .text.SystemInit
                0x08000fcc       0x48 build/Debug/GNUToolsARMEmbedded-Windows/Src/system_stm32l1xx.o
                0x08000fcc                SystemInit
 .text.Reset_Handler
                0x08001014       0x48 build/Debug/GNUToolsARMEmbedded-Windows/startup/startup_stm32l152xe.o
                0x08001014                Reset_Handler
 .text.Default_Handler
                0x0800105c        0x2 build/Debug/GNUToolsARMEmbedded-Windows/startup/startup_stm32l152xe.o
                0x0800105c                RTC_Alarm_IRQHandler
                0x0800105c                EXTI2_IRQHandler
                0x0800105c                COMP_ACQ_IRQHandler
                0x0800105c                DebugMon_Handler
                0x0800105c                HardFault_Handler
                0x0800105c                TIM10_IRQHandler
                0x0800105c                USB_HP_IRQHandler
                0x0800105c                TIM6_IRQHandler
                0x0800105c                PVD_IRQHandler
                0x0800105c                NMI_Handler
                0x0800105c                EXTI3_IRQHandler
                0x0800105c                EXTI0_IRQHandler
                0x0800105c                I2C2_EV_IRQHandler
                0x0800105c                UsageFault_Handler
                0x0800105c                SPI1_IRQHandler
                0x0800105c                USB_FS_WKUP_IRQHandler
                0x0800105c                DMA2_Channel2_IRQHandler
                0x0800105c                DMA1_Channel4_IRQHandler
                0x0800105c                ADC1_IRQHandler
                0x0800105c                USART3_IRQHandler
                0x0800105c                DMA1_Channel7_IRQHandler
                0x0800105c                LCD_IRQHandler
                0x0800105c                UART5_IRQHandler
                0x0800105c                TIM4_IRQHandler
                0x0800105c                DMA2_Channel1_IRQHandler
                0x0800105c                I2C1_EV_IRQHandler
                0x0800105c                DMA1_Channel6_IRQHandler
                0x0800105c                UART4_IRQHandler
                0x0800105c                DMA2_Channel4_IRQHandler
                0x0800105c                TIM3_IRQHandler
                0x0800105c                RCC_IRQHandler
                0x0800105c                DMA1_Channel1_IRQHandler
                0x0800105c                Default_Handler
                0x0800105c                EXTI15_10_IRQHandler
                0x0800105c                TIM7_IRQHandler
                0x0800105c                TIM5_IRQHandler
                0x0800105c                EXTI9_5_IRQHandler
                0x0800105c                TIM9_IRQHandler
                0x0800105c                TAMPER_STAMP_IRQHandler
                0x0800105c                RTC_WKUP_IRQHandler
                0x0800105c                SPI2_IRQHandler
                0x0800105c                MemManage_Handler
                0x0800105c                DMA2_Channel5_IRQHandler
                0x0800105c                DMA1_Channel5_IRQHandler
                0x0800105c                USB_LP_IRQHandler
                0x0800105c                EXTI4_IRQHandler
                0x0800105c                DMA1_Channel3_IRQHandler
                0x0800105c                COMP_IRQHandler
                0x0800105c                WWDG_IRQHandler
                0x0800105c                TIM2_IRQHandler
                0x0800105c                DAC_IRQHandler
                0x0800105c                EXTI1_IRQHandler
                0x0800105c                TIM11_IRQHandler
                0x0800105c                USART2_IRQHandler
                0x0800105c                I2C2_ER_IRQHandler
                0x0800105c                DMA1_Channel2_IRQHandler
                0x0800105c                FLASH_IRQHandler
                0x0800105c                BusFault_Handler
                0x0800105c                USART1_IRQHandler
                0x0800105c                SPI3_IRQHandler
                0x0800105c                I2C1_ER_IRQHandler
                0x0800105c                DMA2_Channel3_IRQHandler
 *fill*         0x0800105e        0x2 
 .text.__libc_init_array
                0x08001060       0x4c c:/gnutoolsarmembedded/bin/../lib/gcc/arm-none-eabi/5.4.1/../../../../arm-none-eabi/lib/armv7-m\libc_nano.a(lib_a-init.o)
                0x08001060                __libc_init_array
 *(.glue_7)
 .glue_7        0x080010ac        0x0 linker stubs
 *(.glue_7t)
 .glue_7t       0x080010ac        0x0 linker stubs
 *(.eh_frame)
 .eh_frame      0x080010ac        0x0 c:/gnutoolsarmembedded/bin/../lib/gcc/arm-none-eabi/5.4.1/armv7-m/crtbegin.o
 *(.init)
 .init          0x080010ac        0x4 c:/gnutoolsarmembedded/bin/../lib/gcc/arm-none-eabi/5.4.1/armv7-m/crti.o
                0x080010ac                _init
 .init          0x080010b0        0x8 c:/gnutoolsarmembedded/bin/../lib/gcc/arm-none-eabi/5.4.1/armv7-m/crtn.o
 *(.fini)
 .fini          0x080010b8        0x4 c:/gnutoolsarmembedded/bin/../lib/gcc/arm-none-eabi/5.4.1/armv7-m/crti.o
                0x080010b8                _fini
 .fini          0x080010bc        0x8 c:/gnutoolsarmembedded/bin/../lib/gcc/arm-none-eabi/5.4.1/armv7-m/crtn.o
                0x080010c4                . = ALIGN (0x4)
                0x080010c4                _etext = .

.vfp11_veneer   0x080010c4        0x0
 .vfp11_veneer  0x080010c4        0x0 linker stubs

.v4_bx          0x080010c4        0x0
 .v4_bx         0x080010c4        0x0 linker stubs

.iplt           0x080010c4        0x0
 .iplt          0x080010c4        0x0 c:/gnutoolsarmembedded/bin/../lib/gcc/arm-none-eabi/5.4.1/armv7-m/crtbegin.o

.rodata         0x080010c4       0x24
                0x080010c4                . = ALIGN (0x4)
 *(.rodata)
 .rodata        0x080010c4       0x21 build/Debug/GNUToolsARMEmbedded-Windows/Src/system_stm32l1xx.o
                0x080010c4                PLLMulTable
                0x080010cd                AHBPrescTable
                0x080010dd                APBPrescTable
 *(.rodata*)
                0x080010e8                . = ALIGN (0x4)
 *fill*         0x080010e5        0x3 

.rel.dyn        0x080010e8        0x0
 .rel.iplt      0x080010e8        0x0 c:/gnutoolsarmembedded/bin/../lib/gcc/arm-none-eabi/5.4.1/armv7-m/crtbegin.o

.ARM.extab
 *(.ARM.extab* .gnu.linkonce.armextab.*)

.ARM            0x080010e8        0x0
                0x080010e8                __exidx_start = .
 *(.ARM.exidx*)
                0x080010e8                __exidx_end = .

.preinit_array  0x080010e8        0x0
                0x080010e8                PROVIDE (__preinit_array_start, .)
 *(.preinit_array*)
                0x080010e8                PROVIDE (__preinit_array_end, .)

.init_array     0x080010e8        0x4
                0x080010e8                PROVIDE (__init_array_start, .)
 *(SORT(.init_array.*))
 *(.init_array*)
 .init_array    0x080010e8        0x4 c:/gnutoolsarmembedded/bin/../lib/gcc/arm-none-eabi/5.4.1/armv7-m/crtbegin.o
                0x080010ec                PROVIDE (__init_array_end, .)

.fini_array     0x080010ec        0x4
                [!provide]                PROVIDE (__fini_array_start, .)
 *(SORT(.fini_array.*))
 *(.fini_array*)
 .fini_array    0x080010ec        0x4 c:/gnutoolsarmembedded/bin/../lib/gcc/arm-none-eabi/5.4.1/armv7-m/crtbegin.o
                [!provide]                PROVIDE (__fini_array_end, .)
                0x080010f0                _sidata = LOADADDR (.data)

.data           0x20000000        0x4 load address 0x080010f0
                0x20000000                . = ALIGN (0x4)
                0x20000000                _sdata = .
 *(.data)
 .data          0x20000000        0x4 build/Debug/GNUToolsARMEmbedded-Windows/Src/system_stm32l1xx.o
                0x20000000                SystemCoreClock
 *(.data*)
                0x20000004                . = ALIGN (0x4)
                0x20000004                _edata = .

.jcr            0x20000004        0x0 load address 0x080010f4
 .jcr           0x20000004        0x0 c:/gnutoolsarmembedded/bin/../lib/gcc/arm-none-eabi/5.4.1/armv7-m/crtbegin.o

.igot.plt       0x20000004        0x0 load address 0x080010f4
 .igot.plt      0x20000004        0x0 c:/gnutoolsarmembedded/bin/../lib/gcc/arm-none-eabi/5.4.1/armv7-m/crtbegin.o
                0x20000004                . = ALIGN (0x4)

.bss            0x20000004       0x20 load address 0x080010f4
                0x20000004                _sbss = .
                0x20000004                __bss_start__ = _sbss
 *(.bss)
 .bss           0x20000004       0x1c c:/gnutoolsarmembedded/bin/../lib/gcc/arm-none-eabi/5.4.1/armv7-m/crtbegin.o
 *(.bss*)
 *(COMMON)
 COMMON         0x20000020        0x4 build/Debug/GNUToolsARMEmbedded-Windows/Drivers/STM32L1xx_HAL_Driver/Src/stm32l1xx_hal.o
                0x20000020                uwTick
                0x20000024                . = ALIGN (0x4)
                0x20000024                _ebss = .
                0x20000024                __bss_end__ = _ebss

._user_heap_stack
                0x20000024      0x600 load address 0x080010f4
                0x20000024                . = ALIGN (0x4)
                [!provide]                PROVIDE (end, .)
                [!provide]                PROVIDE (_end, .)
                0x20000224                . = (. + _Min_Heap_Size)
 *fill*         0x20000024      0x200 
                0x20000624                . = (. + _Min_Stack_Size)
 *fill*         0x20000224      0x400 
                0x20000624                . = ALIGN (0x4)

/DISCARD/
 libc.a(*)
 libm.a(*)
 libgcc.a(*)

.ARM.attributes
                0x00000000       0x29
 *(.ARM.attributes)
 .ARM.attributes
                0x00000000       0x1d c:/gnutoolsarmembedded/bin/../lib/gcc/arm-none-eabi/5.4.1/armv7-m/crti.o
 .ARM.attributes
                0x0000001d       0x2d c:/gnutoolsarmembedded/bin/../lib/gcc/arm-none-eabi/5.4.1/armv7-m/crtbegin.o
 .ARM.attributes
                0x0000004a       0x33 build/Debug/GNUToolsARMEmbedded-Windows/Drivers/STM32L1xx_HAL_Driver/Src/stm32l1xx_hal.o
 .ARM.attributes
                0x0000007d       0x33 build/Debug/GNUToolsARMEmbedded-Windows/Drivers/STM32L1xx_HAL_Driver/Src/stm32l1xx_hal_cortex.o
 .ARM.attributes
                0x000000b0       0x33 build/Debug/GNUToolsARMEmbedded-Windows/Drivers/STM32L1xx_HAL_Driver/Src/stm32l1xx_hal_gpio.o
 .ARM.attributes
                0x000000e3       0x33 build/Debug/GNUToolsARMEmbedded-Windows/Drivers/STM32L1xx_HAL_Driver/Src/stm32l1xx_hal_pwr_ex.o
 .ARM.attributes
                0x00000116       0x33 build/Debug/GNUToolsARMEmbedded-Windows/Drivers/STM32L1xx_HAL_Driver/Src/stm32l1xx_hal_rcc.o
 .ARM.attributes
                0x00000149       0x33 build/Debug/GNUToolsARMEmbedded-Windows/Src/main.o
 .ARM.attributes
                0x0000017c       0x33 build/Debug/GNUToolsARMEmbedded-Windows/Src/stm32l1xx_hal_msp.o
 .ARM.attributes
                0x000001af       0x33 build/Debug/GNUToolsARMEmbedded-Windows/Src/stm32l1xx_it.o
 .ARM.attributes
                0x000001e2       0x33 build/Debug/GNUToolsARMEmbedded-Windows/Src/system_stm32l1xx.o
 .ARM.attributes
                0x00000215       0x21 build/Debug/GNUToolsARMEmbedded-Windows/startup/startup_stm32l152xe.o
 .ARM.attributes
                0x00000236       0x2d c:/gnutoolsarmembedded/bin/../lib/gcc/arm-none-eabi/5.4.1/../../../../arm-none-eabi/lib/armv7-m\libc_nano.a(lib_a-init.o)
 .ARM.attributes
                0x00000263       0x1d c:/gnutoolsarmembedded/bin/../lib/gcc/arm-none-eabi/5.4.1/armv7-m/crtn.o
OUTPUT(dist/Debug/GNUToolsARMEmbedded-Windows/stm32l1 elf32-littlearm)

.debug_info     0x00000000     0x466e
 .debug_info    0x00000000      0x62f build/Debug/GNUToolsARMEmbedded-Windows/Drivers/STM32L1xx_HAL_Driver/Src/stm32l1xx_hal.o
 .debug_info    0x0000062f      0xde7 build/Debug/GNUToolsARMEmbedded-Windows/Drivers/STM32L1xx_HAL_Driver/Src/stm32l1xx_hal_cortex.o
 .debug_info    0x00001416      0x608 build/Debug/GNUToolsARMEmbedded-Windows/Drivers/STM32L1xx_HAL_Driver/Src/stm32l1xx_hal_gpio.o
 .debug_info    0x00001a1e      0x347 build/Debug/GNUToolsARMEmbedded-Windows/Drivers/STM32L1xx_HAL_Driver/Src/stm32l1xx_hal_pwr_ex.o
 .debug_info    0x00001d65     0x1697 build/Debug/GNUToolsARMEmbedded-Windows/Drivers/STM32L1xx_HAL_Driver/Src/stm32l1xx_hal_rcc.o
 .debug_info    0x000033fc      0x8c0 build/Debug/GNUToolsARMEmbedded-Windows/Src/main.o
 .debug_info    0x00003cbc      0x477 build/Debug/GNUToolsARMEmbedded-Windows/Src/stm32l1xx_hal_msp.o
 .debug_info    0x00004133       0xfc build/Debug/GNUToolsARMEmbedded-Windows/Src/stm32l1xx_it.o
 .debug_info    0x0000422f      0x43f build/Debug/GNUToolsARMEmbedded-Windows/Src/system_stm32l1xx.o

.debug_abbrev   0x00000000      0xfe1
 .debug_abbrev  0x00000000      0x1d3 build/Debug/GNUToolsARMEmbedded-Windows/Drivers/STM32L1xx_HAL_Driver/Src/stm32l1xx_hal.o
 .debug_abbrev  0x000001d3      0x316 build/Debug/GNUToolsARMEmbedded-Windows/Drivers/STM32L1xx_HAL_Driver/Src/stm32l1xx_hal_cortex.o
 .debug_abbrev  0x000004e9      0x1cb build/Debug/GNUToolsARMEmbedded-Windows/Drivers/STM32L1xx_HAL_Driver/Src/stm32l1xx_hal_gpio.o
 .debug_abbrev  0x000006b4      0x149 build/Debug/GNUToolsARMEmbedded-Windows/Drivers/STM32L1xx_HAL_Driver/Src/stm32l1xx_hal_pwr_ex.o
 .debug_abbrev  0x000007fd      0x317 build/Debug/GNUToolsARMEmbedded-Windows/Drivers/STM32L1xx_HAL_Driver/Src/stm32l1xx_hal_rcc.o
 .debug_abbrev  0x00000b14      0x1f5 build/Debug/GNUToolsARMEmbedded-Windows/Src/main.o
 .debug_abbrev  0x00000d09      0x11d build/Debug/GNUToolsARMEmbedded-Windows/Src/stm32l1xx_hal_msp.o
 .debug_abbrev  0x00000e26       0xb7 build/Debug/GNUToolsARMEmbedded-Windows/Src/stm32l1xx_it.o
 .debug_abbrev  0x00000edd      0x104 build/Debug/GNUToolsARMEmbedded-Windows/Src/system_stm32l1xx.o

.debug_loc      0x00000000     0x14a2
 .debug_loc     0x00000000       0x6a build/Debug/GNUToolsARMEmbedded-Windows/Drivers/STM32L1xx_HAL_Driver/Src/stm32l1xx_hal.o
 .debug_loc     0x0000006a      0x48f build/Debug/GNUToolsARMEmbedded-Windows/Drivers/STM32L1xx_HAL_Driver/Src/stm32l1xx_hal_cortex.o
 .debug_loc     0x000004f9      0x2c9 build/Debug/GNUToolsARMEmbedded-Windows/Drivers/STM32L1xx_HAL_Driver/Src/stm32l1xx_hal_gpio.o
 .debug_loc     0x000007c2       0xac build/Debug/GNUToolsARMEmbedded-Windows/Drivers/STM32L1xx_HAL_Driver/Src/stm32l1xx_hal_pwr_ex.o
 .debug_loc     0x0000086e      0xae3 build/Debug/GNUToolsARMEmbedded-Windows/Drivers/STM32L1xx_HAL_Driver/Src/stm32l1xx_hal_rcc.o
 .debug_loc     0x00001351      0x151 build/Debug/GNUToolsARMEmbedded-Windows/Src/system_stm32l1xx.o

.debug_aranges  0x00000000      0x318
 .debug_aranges
                0x00000000       0xa8 build/Debug/GNUToolsARMEmbedded-Windows/Drivers/STM32L1xx_HAL_Driver/Src/stm32l1xx_hal.o
 .debug_aranges
                0x000000a8       0x98 build/Debug/GNUToolsARMEmbedded-Windows/Drivers/STM32L1xx_HAL_Driver/Src/stm32l1xx_hal_cortex.o
 .debug_aranges
                0x00000140       0x58 build/Debug/GNUToolsARMEmbedded-Windows/Drivers/STM32L1xx_HAL_Driver/Src/stm32l1xx_hal_gpio.o
 .debug_aranges
                0x00000198       0x50 build/Debug/GNUToolsARMEmbedded-Windows/Drivers/STM32L1xx_HAL_Driver/Src/stm32l1xx_hal_pwr_ex.o
 .debug_aranges
                0x000001e8       0x90 build/Debug/GNUToolsARMEmbedded-Windows/Drivers/STM32L1xx_HAL_Driver/Src/stm32l1xx_hal_rcc.o
 .debug_aranges
                0x00000278       0x30 build/Debug/GNUToolsARMEmbedded-Windows/Src/main.o
 .debug_aranges
                0x000002a8       0x20 build/Debug/GNUToolsARMEmbedded-Windows/Src/stm32l1xx_hal_msp.o
 .debug_aranges
                0x000002c8       0x28 build/Debug/GNUToolsARMEmbedded-Windows/Src/stm32l1xx_it.o
 .debug_aranges
                0x000002f0       0x28 build/Debug/GNUToolsARMEmbedded-Windows/Src/system_stm32l1xx.o

.debug_ranges   0x00000000      0x4c8
 .debug_ranges  0x00000000       0x98 build/Debug/GNUToolsARMEmbedded-Windows/Drivers/STM32L1xx_HAL_Driver/Src/stm32l1xx_hal.o
 .debug_ranges  0x00000098      0x138 build/Debug/GNUToolsARMEmbedded-Windows/Drivers/STM32L1xx_HAL_Driver/Src/stm32l1xx_hal_cortex.o
 .debug_ranges  0x000001d0       0x68 build/Debug/GNUToolsARMEmbedded-Windows/Drivers/STM32L1xx_HAL_Driver/Src/stm32l1xx_hal_gpio.o
 .debug_ranges  0x00000238       0x40 build/Debug/GNUToolsARMEmbedded-Windows/Drivers/STM32L1xx_HAL_Driver/Src/stm32l1xx_hal_pwr_ex.o
 .debug_ranges  0x00000278      0x198 build/Debug/GNUToolsARMEmbedded-Windows/Drivers/STM32L1xx_HAL_Driver/Src/stm32l1xx_hal_rcc.o
 .debug_ranges  0x00000410       0x60 build/Debug/GNUToolsARMEmbedded-Windows/Src/main.o
 .debug_ranges  0x00000470       0x28 build/Debug/GNUToolsARMEmbedded-Windows/Src/stm32l1xx_hal_msp.o
 .debug_ranges  0x00000498       0x18 build/Debug/GNUToolsARMEmbedded-Windows/Src/stm32l1xx_it.o
 .debug_ranges  0x000004b0       0x18 build/Debug/GNUToolsARMEmbedded-Windows/Src/system_stm32l1xx.o

.debug_macro    0x00000000    0x153b0
 .debug_macro   0x00000000      0x28d build/Debug/GNUToolsARMEmbedded-Windows/Drivers/STM32L1xx_HAL_Driver/Src/stm32l1xx_hal.o
 .debug_macro   0x0000028d      0x87a build/Debug/GNUToolsARMEmbedded-Windows/Drivers/STM32L1xx_HAL_Driver/Src/stm32l1xx_hal.o
 .debug_macro   0x00000b07       0x5e build/Debug/GNUToolsARMEmbedded-Windows/Drivers/STM32L1xx_HAL_Driver/Src/stm32l1xx_hal.o
 .debug_macro   0x00000b65       0x7c build/Debug/GNUToolsARMEmbedded-Windows/Drivers/STM32L1xx_HAL_Driver/Src/stm32l1xx_hal.o
 .debug_macro   0x00000be1       0x2e build/Debug/GNUToolsARMEmbedded-Windows/Drivers/STM32L1xx_HAL_Driver/Src/stm32l1xx_hal.o
 .debug_macro   0x00000c0f       0x22 build/Debug/GNUToolsARMEmbedded-Windows/Drivers/STM32L1xx_HAL_Driver/Src/stm32l1xx_hal.o
 .debug_macro   0x00000c31       0x22 build/Debug/GNUToolsARMEmbedded-Windows/Drivers/STM32L1xx_HAL_Driver/Src/stm32l1xx_hal.o
 .debug_macro   0x00000c53       0x4f build/Debug/GNUToolsARMEmbedded-Windows/Drivers/STM32L1xx_HAL_Driver/Src/stm32l1xx_hal.o
 .debug_macro   0x00000ca2       0x44 build/Debug/GNUToolsARMEmbedded-Windows/Drivers/STM32L1xx_HAL_Driver/Src/stm32l1xx_hal.o
 .debug_macro   0x00000ce6       0xfd build/Debug/GNUToolsARMEmbedded-Windows/Drivers/STM32L1xx_HAL_Driver/Src/stm32l1xx_hal.o
 .debug_macro   0x00000de3       0x5e build/Debug/GNUToolsARMEmbedded-Windows/Drivers/STM32L1xx_HAL_Driver/Src/stm32l1xx_hal.o
 .debug_macro   0x00000e41      0x1df build/Debug/GNUToolsARMEmbedded-Windows/Drivers/STM32L1xx_HAL_Driver/Src/stm32l1xx_hal.o
 .debug_macro   0x00001020       0x34 build/Debug/GNUToolsARMEmbedded-Windows/Drivers/STM32L1xx_HAL_Driver/Src/stm32l1xx_hal.o
 .debug_macro   0x00001054       0x34 build/Debug/GNUToolsARMEmbedded-Windows/Drivers/STM32L1xx_HAL_Driver/Src/stm32l1xx_hal.o
 .debug_macro   0x00001088      0xcb4 build/Debug/GNUToolsARMEmbedded-Windows/Drivers/STM32L1xx_HAL_Driver/Src/stm32l1xx_hal.o
 .debug_macro   0x00001d3c     0xbea1 build/Debug/GNUToolsARMEmbedded-Windows/Drivers/STM32L1xx_HAL_Driver/Src/stm32l1xx_hal.o
 .debug_macro   0x0000dbdd       0x43 build/Debug/GNUToolsARMEmbedded-Windows/Drivers/STM32L1xx_HAL_Driver/Src/stm32l1xx_hal.o
 .debug_macro   0x0000dc20     0x339f build/Debug/GNUToolsARMEmbedded-Windows/Drivers/STM32L1xx_HAL_Driver/Src/stm32l1xx_hal.o
 .debug_macro   0x00010fbf       0x52 build/Debug/GNUToolsARMEmbedded-Windows/Drivers/STM32L1xx_HAL_Driver/Src/stm32l1xx_hal.o
 .debug_macro   0x00011011       0x35 build/Debug/GNUToolsARMEmbedded-Windows/Drivers/STM32L1xx_HAL_Driver/Src/stm32l1xx_hal.o
 .debug_macro   0x00011046       0x9c build/Debug/GNUToolsARMEmbedded-Windows/Drivers/STM32L1xx_HAL_Driver/Src/stm32l1xx_hal.o
 .debug_macro   0x000110e2       0x16 build/Debug/GNUToolsARMEmbedded-Windows/Drivers/STM32L1xx_HAL_Driver/Src/stm32l1xx_hal.o
 .debug_macro   0x000110f8       0x97 build/Debug/GNUToolsARMEmbedded-Windows/Drivers/STM32L1xx_HAL_Driver/Src/stm32l1xx_hal.o
 .debug_macro   0x0001118f      0x330 build/Debug/GNUToolsARMEmbedded-Windows/Drivers/STM32L1xx_HAL_Driver/Src/stm32l1xx_hal.o
 .debug_macro   0x000114bf       0xf6 build/Debug/GNUToolsARMEmbedded-Windows/Drivers/STM32L1xx_HAL_Driver/Src/stm32l1xx_hal.o
 .debug_macro   0x000115b5       0x10 build/Debug/GNUToolsARMEmbedded-Windows/Drivers/STM32L1xx_HAL_Driver/Src/stm32l1xx_hal.o
 .debug_macro   0x000115c5       0x52 build/Debug/GNUToolsARMEmbedded-Windows/Drivers/STM32L1xx_HAL_Driver/Src/stm32l1xx_hal.o
 .debug_macro   0x00011617       0x1f build/Debug/GNUToolsARMEmbedded-Windows/Drivers/STM32L1xx_HAL_Driver/Src/stm32l1xx_hal.o
 .debug_macro   0x00011636       0x43 build/Debug/GNUToolsARMEmbedded-Windows/Drivers/STM32L1xx_HAL_Driver/Src/stm32l1xx_hal.o
 .debug_macro   0x00011679       0x20 build/Debug/GNUToolsARMEmbedded-Windows/Drivers/STM32L1xx_HAL_Driver/Src/stm32l1xx_hal.o
 .debug_macro   0x00011699      0x187 build/Debug/GNUToolsARMEmbedded-Windows/Drivers/STM32L1xx_HAL_Driver/Src/stm32l1xx_hal.o
 .debug_macro   0x00011820       0x10 build/Debug/GNUToolsARMEmbedded-Windows/Drivers/STM32L1xx_HAL_Driver/Src/stm32l1xx_hal.o
 .debug_macro   0x00011830       0xb6 build/Debug/GNUToolsARMEmbedded-Windows/Drivers/STM32L1xx_HAL_Driver/Src/stm32l1xx_hal.o
 .debug_macro   0x000118e6       0x16 build/Debug/GNUToolsARMEmbedded-Windows/Drivers/STM32L1xx_HAL_Driver/Src/stm32l1xx_hal.o
 .debug_macro   0x000118fc      0x145 build/Debug/GNUToolsARMEmbedded-Windows/Drivers/STM32L1xx_HAL_Driver/Src/stm32l1xx_hal.o
 .debug_macro   0x00011a41       0x57 build/Debug/GNUToolsARMEmbedded-Windows/Drivers/STM32L1xx_HAL_Driver/Src/stm32l1xx_hal.o
 .debug_macro   0x00011a98      0xe3f build/Debug/GNUToolsARMEmbedded-Windows/Drivers/STM32L1xx_HAL_Driver/Src/stm32l1xx_hal.o
 .debug_macro   0x000128d7      0x363 build/Debug/GNUToolsARMEmbedded-Windows/Drivers/STM32L1xx_HAL_Driver/Src/stm32l1xx_hal.o
 .debug_macro   0x00012c3a      0x141 build/Debug/GNUToolsARMEmbedded-Windows/Drivers/STM32L1xx_HAL_Driver/Src/stm32l1xx_hal.o
 .debug_macro   0x00012d7b       0xc6 build/Debug/GNUToolsARMEmbedded-Windows/Drivers/STM32L1xx_HAL_Driver/Src/stm32l1xx_hal.o
 .debug_macro   0x00012e41      0x25d build/Debug/GNUToolsARMEmbedded-Windows/Drivers/STM32L1xx_HAL_Driver/Src/stm32l1xx_hal.o
 .debug_macro   0x0001309e      0x23c build/Debug/GNUToolsARMEmbedded-Windows/Drivers/STM32L1xx_HAL_Driver/Src/stm32l1xx_hal.o
 .debug_macro   0x000132da      0x115 build/Debug/GNUToolsARMEmbedded-Windows/Drivers/STM32L1xx_HAL_Driver/Src/stm32l1xx_hal.o
 .debug_macro   0x000133ef      0x56d build/Debug/GNUToolsARMEmbedded-Windows/Drivers/STM32L1xx_HAL_Driver/Src/stm32l1xx_hal.o
 .debug_macro   0x0001395c      0x1ef build/Debug/GNUToolsARMEmbedded-Windows/Drivers/STM32L1xx_HAL_Driver/Src/stm32l1xx_hal.o
 .debug_macro   0x00013b4b       0x22 build/Debug/GNUToolsARMEmbedded-Windows/Drivers/STM32L1xx_HAL_Driver/Src/stm32l1xx_hal.o
 .debug_macro   0x00013b6d      0x472 build/Debug/GNUToolsARMEmbedded-Windows/Drivers/STM32L1xx_HAL_Driver/Src/stm32l1xx_hal.o
 .debug_macro   0x00013fdf      0x269 build/Debug/GNUToolsARMEmbedded-Windows/Drivers/STM32L1xx_HAL_Driver/Src/stm32l1xx_hal_cortex.o
 .debug_macro   0x00014248      0x2a2 build/Debug/GNUToolsARMEmbedded-Windows/Drivers/STM32L1xx_HAL_Driver/Src/stm32l1xx_hal_gpio.o
 .debug_macro   0x000144ea      0x269 build/Debug/GNUToolsARMEmbedded-Windows/Drivers/STM32L1xx_HAL_Driver/Src/stm32l1xx_hal_pwr_ex.o
 .debug_macro   0x00014753      0x2a5 build/Debug/GNUToolsARMEmbedded-Windows/Drivers/STM32L1xx_HAL_Driver/Src/stm32l1xx_hal_rcc.o
 .debug_macro   0x000149f8      0x26d build/Debug/GNUToolsARMEmbedded-Windows/Src/main.o
 .debug_macro   0x00014c65      0x269 build/Debug/GNUToolsARMEmbedded-Windows/Src/stm32l1xx_hal_msp.o
 .debug_macro   0x00014ece      0x273 build/Debug/GNUToolsARMEmbedded-Windows/Src/stm32l1xx_it.o
 .debug_macro   0x00015141      0x26f build/Debug/GNUToolsARMEmbedded-Windows/Src/system_stm32l1xx.o

.debug_line     0x00000000     0x3738
 .debug_line    0x00000000      0x5ff build/Debug/GNUToolsARMEmbedded-Windows/Drivers/STM32L1xx_HAL_Driver/Src/stm32l1xx_hal.o
 .debug_line    0x000005ff      0x69e build/Debug/GNUToolsARMEmbedded-Windows/Drivers/STM32L1xx_HAL_Driver/Src/stm32l1xx_hal_cortex.o
 .debug_line    0x00000c9d      0x676 build/Debug/GNUToolsARMEmbedded-Windows/Drivers/STM32L1xx_HAL_Driver/Src/stm32l1xx_hal_gpio.o
 .debug_line    0x00001313      0x58e build/Debug/GNUToolsARMEmbedded-Windows/Drivers/STM32L1xx_HAL_Driver/Src/stm32l1xx_hal_pwr_ex.o
 .debug_line    0x000018a1      0xb15 build/Debug/GNUToolsARMEmbedded-Windows/Drivers/STM32L1xx_HAL_Driver/Src/stm32l1xx_hal_rcc.o
 .debug_line    0x000023b6      0x51e build/Debug/GNUToolsARMEmbedded-Windows/Src/main.o
 .debug_line    0x000028d4      0x4b8 build/Debug/GNUToolsARMEmbedded-Windows/Src/stm32l1xx_hal_msp.o
 .debug_line    0x00002d8c      0x4cc build/Debug/GNUToolsARMEmbedded-Windows/Src/stm32l1xx_it.o
 .debug_line    0x00003258      0x4e0 build/Debug/GNUToolsARMEmbedded-Windows/Src/system_stm32l1xx.o

.debug_str      0x00000000    0x8122d
 .debug_str     0x00000000    0x803d6 build/Debug/GNUToolsARMEmbedded-Windows/Drivers/STM32L1xx_HAL_Driver/Src/stm32l1xx_hal.o
                              0x80713 (size before relaxing)
 .debug_str     0x000803d6      0x3c8 build/Debug/GNUToolsARMEmbedded-Windows/Drivers/STM32L1xx_HAL_Driver/Src/stm32l1xx_hal_cortex.o
                              0x8082c (size before relaxing)
 .debug_str     0x0008079e      0x2df build/Debug/GNUToolsARMEmbedded-Windows/Drivers/STM32L1xx_HAL_Driver/Src/stm32l1xx_hal_gpio.o
                              0x8031c (size before relaxing)
 .debug_str     0x00080a7d      0x121 build/Debug/GNUToolsARMEmbedded-Windows/Drivers/STM32L1xx_HAL_Driver/Src/stm32l1xx_hal_pwr_ex.o
                              0x800e7 (size before relaxing)
 .debug_str     0x00080b9e      0x56c build/Debug/GNUToolsARMEmbedded-Windows/Drivers/STM32L1xx_HAL_Driver/Src/stm32l1xx_hal_rcc.o
                              0x806c2 (size before relaxing)
 .debug_str     0x0008110a       0x4e build/Debug/GNUToolsARMEmbedded-Windows/Src/main.o
                              0x80658 (size before relaxing)
 .debug_str     0x00081158       0x24 build/Debug/GNUToolsARMEmbedded-Windows/Src/stm32l1xx_hal_msp.o
                              0x80398 (size before relaxing)
 .debug_str     0x0008117c       0x44 build/Debug/GNUToolsARMEmbedded-Windows/Src/stm32l1xx_it.o
                              0x7ffcc (size before relaxing)
 .debug_str     0x000811c0       0x6d build/Debug/GNUToolsARMEmbedded-Windows/Src/system_stm32l1xx.o
                              0x800f3 (size before relaxing)

.comment        0x00000000       0x6e
 .comment       0x00000000       0x6e build/Debug/GNUToolsARMEmbedded-Windows/Drivers/STM32L1xx_HAL_Driver/Src/stm32l1xx_hal.o
                                 0x6f (size before relaxing)
 .comment       0x0000006e       0x6f build/Debug/GNUToolsARMEmbedded-Windows/Drivers/STM32L1xx_HAL_Driver/Src/stm32l1xx_hal_cortex.o
 .comment       0x0000006e       0x6f build/Debug/GNUToolsARMEmbedded-Windows/Drivers/STM32L1xx_HAL_Driver/Src/stm32l1xx_hal_gpio.o
 .comment       0x0000006e       0x6f build/Debug/GNUToolsARMEmbedded-Windows/Drivers/STM32L1xx_HAL_Driver/Src/stm32l1xx_hal_pwr_ex.o
 .comment       0x0000006e       0x6f build/Debug/GNUToolsARMEmbedded-Windows/Drivers/STM32L1xx_HAL_Driver/Src/stm32l1xx_hal_rcc.o
 .comment       0x0000006e       0x6f build/Debug/GNUToolsARMEmbedded-Windows/Src/main.o
 .comment       0x0000006e       0x6f build/Debug/GNUToolsARMEmbedded-Windows/Src/stm32l1xx_hal_msp.o
 .comment       0x0000006e       0x6f build/Debug/GNUToolsARMEmbedded-Windows/Src/stm32l1xx_it.o
 .comment       0x0000006e       0x6f build/Debug/GNUToolsARMEmbedded-Windows/Src/system_stm32l1xx.o

.debug_frame    0x00000000      0x678
 .debug_frame   0x00000000      0x164 build/Debug/GNUToolsARMEmbedded-Windows/Drivers/STM32L1xx_HAL_Driver/Src/stm32l1xx_hal.o
 .debug_frame   0x00000164      0x130 build/Debug/GNUToolsARMEmbedded-Windows/Drivers/STM32L1xx_HAL_Driver/Src/stm32l1xx_hal_cortex.o
 .debug_frame   0x00000294       0xd4 build/Debug/GNUToolsARMEmbedded-Windows/Drivers/STM32L1xx_HAL_Driver/Src/stm32l1xx_hal_gpio.o
 .debug_frame   0x00000368       0x80 build/Debug/GNUToolsARMEmbedded-Windows/Drivers/STM32L1xx_HAL_Driver/Src/stm32l1xx_hal_pwr_ex.o
 .debug_frame   0x000003e8      0x158 build/Debug/GNUToolsARMEmbedded-Windows/Drivers/STM32L1xx_HAL_Driver/Src/stm32l1xx_hal_rcc.o
 .debug_frame   0x00000540       0x58 build/Debug/GNUToolsARMEmbedded-Windows/Src/main.o
 .debug_frame   0x00000598       0x2c build/Debug/GNUToolsARMEmbedded-Windows/Src/stm32l1xx_hal_msp.o
 .debug_frame   0x000005c4       0x4c build/Debug/GNUToolsARMEmbedded-Windows/Src/stm32l1xx_it.o
 .debug_frame   0x00000610       0x3c build/Debug/GNUToolsARMEmbedded-Windows/Src/system_stm32l1xx.o
 .debug_frame   0x0000064c       0x2c c:/gnutoolsarmembedded/bin/../lib/gcc/arm-none-eabi/5.4.1/../../../../arm-none-eabi/lib/armv7-m\libc_nano.a(lib_a-init.o)
